// Jest Snapshot v1, https://goo.gl/fbAQLP

exports[`readFile 1`] = `
Object {
  "author": "brekk",
  "dependencies": Object {
    "cliui": "5.0.0",
    "debug": "4.1.1",
    "execa": "1.0.0",
    "fluture": "11.0.1",
    "get-stdin": "7.0.0",
    "kleur": "3.0.3",
    "ramda": "0.26.1",
    "strip-ansi": "5.2.0",
  },
  "description": "",
  "devDependencies": Object {
    "@babel/cli": "7.4.4",
    "@babel/core": "7.4.5",
    "@babel/plugin-transform-destructuring": "7.4.4",
    "@babel/preset-env": "7.4.5",
    "babel-core": "6.26.3",
    "babel-eslint": "10.0.1",
    "babel-jest": "24.8.0",
    "depcheck": "0.6.11",
    "documentation": "13.1.1",
    "eslint": "5.16.0",
    "eslint-config-prettier": "4.3.0",
    "eslint-config-standard": "12.0.0",
    "eslint-plugin-babel": "5.3.0",
    "eslint-plugin-fp": "2.3.0",
    "eslint-plugin-import": "2.17.3",
    "eslint-plugin-node": "9.1.0",
    "eslint-plugin-prettier": "3.1.0",
    "eslint-plugin-promise": "4.1.1",
    "eslint-plugin-ramda": "2.5.1",
    "eslint-plugin-standard": "4.0.0",
    "nps": "5.9.5",
    "nps-utils": "1.7.0",
    "prettier-eslint": "8.8.2",
    "rollup": "1.13.1",
    "rollup-plugin-babel": "4.3.2",
    "rollup-plugin-cleanup": "3.1.1",
    "rollup-plugin-commonjs": "10.0.0",
    "rollup-plugin-json": "4.0.0",
    "rollup-plugin-node-resolve": "5.0.1",
    "rollup-plugin-progress": "1.1.1",
    "tempy": "0.3.0",
    "xtrace": "0.3.0",
  },
  "keywords": Array [],
  "license": "MIT",
  "main": "sinew.js",
  "module": "sinew.es.js",
  "name": "sinew",
  "private": false,
  "repository": "https://github.com/brekk/sinew",
  "version": "1.0.2",
}
`;
